2026-09-15 13:43:53.155 WIB [29595] LOG:  starting PostgreSQL 17.11 (Homebrew) on aarch64-apple-darwin27.0.0, compiled by Apple clang version 21.0.0 (clang-2100.3.34.2), 64-bit
2026-09-15 13:43:53.156 WIB [29595] LOG:  could not bind IPv4 address "127.0.0.1": Address already in use
2026-09-15 13:43:53.156 WIB [29595] HINT:  Is another postmaster already running on port 5432? If not, wait a few seconds and retry.
2026-09-15 13:43:53.156 WIB [29595] WARNING:  could not create listen socket for "127.0.0.1"
2026-09-15 13:43:53.156 WIB [29595] FATAL:  could not create any TCP/IP sockets
2026-09-15 13:43:53.156 WIB [29595] LOG:  database system is shut down
2026-09-15 13:44:53.341 WIB [29842] LOG:  starting PostgreSQL 17.11 (Homebrew) on aarch64-apple-darwin27.0.0, compiled by Apple clang version 21.0.0 (clang-2100.3.34.2), 64-bit
2026-09-15 13:44:53.342 WIB [29842] LOG:  listening on IPv4 address "127.0.0.1", port 55432
2026-09-15 13:44:53.343 WIB [29842] LOG:  listening on Unix socket "/Users/fajar/Downloads/monitoring/.data/pg/.s.PGSQL.55432"
2026-09-15 13:44:53.346 WIB [29845] LOG:  database system was shut down at 2026-09-15 13:44:53 WIB
2026-09-15 13:44:53.349 WIB [29842] LOG:  database system is ready to accept connections
2026-09-15 13:45:39.575 WIB [29932] ERROR:  column "status" is of type customer_status but expression is of type text at character 319
2026-09-15 13:45:39.575 WIB [29932] HINT:  You will need to rewrite or cast the expression.
2026-09-15 13:45:39.575 WIB [29932] STATEMENT:  INSERT INTO customers (customer_code, customer_name, ip_address, latitude, longitude,
	                       vpn_id, monitoring_enabled, ping_interval, timeout_ms, retry_count,
	                       status, latency_ms, location, last_check)
	SELECT v.code, v.name, v.ip, v.lat, v.lng, vp.id, true, 10, 2000, 2,
	       v.status, v.latency, ST_SetSRID(ST_MakePoint(v.lng, v.lat), 4326), now()
	FROM (VALUES
	  ('JMK-0001', 'Budi Santoso',  '103.143.196.10', -7.5231, 110.8123, 'VPN-01', 'ONLINE', 8::int),
	  ('JMK-0002', 'Andi Wijaya',   '103.143.196.11', -7.7600, 110.3700, 'VPN-01', 'ONLINE', 12::int),
	  ('JMK-0003', 'Sari Dewi',     '103.143.196.12', -6.9175, 107.6191, 'VPN-02', 'OFFLINE', NULL::int),
	  ('JMK-0004', 'Rina Marlina',  '103.143.196.13', -6.2000, 106.8166, 'VPN-02', 'ONLINE', 25::int),
	  ('JMK-0005', 'Joko Susilo',   '103.143.196.14', -7.2504, 112.7508, 'VPN-01', 'WARNING', 60::int),
	  ('JMK-0006', 'Dewi Lestari',  '103.143.196.15', -6.9667, 110.4167, 'VPN-03', 'WARNING', 45::int),
	  ('JMK-0007', 'Agus Salim',    '103.143.196.16', -6.9000, 112.0500, 'VPN-02', 'ONLINE', 14::int),
	  ('JMK-0008', 'Fitri Handayani','103.143.196.17', -7.0051, 110.4381, 'VPN-01', 'OFFLINE', NULL::int),
	  ('JMK-0009', 'Hendra Gunawan','103.143.196.18', -7.1150, 109.9000, 'VPN-01', 'ONLINE', 9::int),
	  ('JMK-0010', 'Lina Kusuma',   '103.143.196.19', -7.9666, 112.6333, 'VPN-02', 'ONLINE', 18::int)
	) AS v(code, name, ip, lat, lng, vpn, status, latency)
	JOIN vpn_connections vp ON vp.name = v.vpn;
2026-09-15 13:49:53.339 WIB [29843] LOG:  checkpoint starting: time
2026-09-15 13:51:36.348 WIB [29965] ERROR:  inconsistent types deduced for parameter $1 at character 41
2026-09-15 13:51:36.348 WIB [29965] DETAIL:  text versus vpn_status
2026-09-15 13:51:36.348 WIB [29965] STATEMENT:  
				UPDATE vpn_connections SET status = $1, latency_ms = $2,
				  local_ip = $3, last_connected_at = CASE WHEN $1 = 'CONNECTED' THEN now() ELSE last_connected_at END,
				  updated_at = now()
				WHERE id = $4
2026-09-15 13:51:54.231 WIB [29869] ERROR:  inconsistent types deduced for parameter $1 at character 41
2026-09-15 13:51:54.231 WIB [29869] DETAIL:  text versus vpn_status
2026-09-15 13:51:54.231 WIB [29869] STATEMENT:  
				UPDATE vpn_connections SET status = $1, latency_ms = $2,
				  local_ip = $3, last_connected_at = CASE WHEN $1 = 'CONNECTED' THEN now() ELSE last_connected_at END,
				  updated_at = now()
				WHERE id = $4
2026-09-15 13:53:01.005 WIB [30040] ERROR:  inconsistent types deduced for parameter $1 at character 41
2026-09-15 13:53:01.005 WIB [30040] DETAIL:  text versus vpn_status
2026-09-15 13:53:01.005 WIB [30040] STATEMENT:  
				UPDATE vpn_connections SET status = $1, latency_ms = $2,
				  local_ip = $3, last_connected_at = CASE WHEN $1 = 'CONNECTED' THEN now() ELSE last_connected_at END,
				  updated_at = now()
				WHERE id = $4
2026-09-15 13:53:22.978 WIB [29843] LOG:  checkpoint complete: wrote 2077 buffers (12.7%); 0 WAL file(s) added, 0 removed, 1 recycled; write=209.630 s, sync=0.007 s, total=209.640 s; sync files=360, longest=0.001 s, average=0.001 s; distance=14726 kB, estimate=14726 kB; lsn=0/241CEA8, redo lsn=0/237C288
2026-09-15 13:54:53.977 WIB [29843] LOG:  checkpoint starting: time
2026-09-15 13:55:01.884 WIB [29843] LOG:  checkpoint complete: wrote 81 buffers (0.5%); 0 WAL file(s) added, 0 removed, 0 recycled; write=7.904 s, sync=0.001 s, total=7.907 s; sync files=29, longest=0.001 s, average=0.001 s; distance=749 kB, estimate=13328 kB; lsn=0/2450AA0, redo lsn=0/2437940
2026-09-15 13:56:26.223 WIB [29842] LOG:  received fast shutdown request
2026-09-15 13:56:26.223 WIB [29842] LOG:  aborting any active transactions
2026-09-15 13:56:26.223 WIB [29965] FATAL:  terminating connection due to administrator command
2026-09-15 13:56:26.223 WIB [29963] FATAL:  terminating connection due to administrator command
2026-09-15 13:56:26.223 WIB [29964] FATAL:  terminating connection due to administrator command
2026-09-15 13:56:26.223 WIB [29867] FATAL:  terminating connection due to administrator command
2026-09-15 13:56:26.223 WIB [30040] FATAL:  terminating connection due to administrator command
2026-09-15 13:56:26.225 WIB [29842] LOG:  background worker "logical replication launcher" (PID 29848) exited with exit code 1
2026-09-15 13:56:26.223 WIB [30267] FATAL:  terminating connection due to administrator command
2026-09-15 13:56:26.223 WIB [30011] FATAL:  terminating connection due to administrator command
2026-09-15 13:56:26.223 WIB [30039] FATAL:  terminating connection due to administrator command
2026-09-15 13:56:26.223 WIB [29869] FATAL:  terminating connection due to administrator command
2026-09-15 13:56:26.223 WIB [29868] FATAL:  terminating connection due to administrator command
2026-09-15 13:56:26.228 WIB [29843] LOG:  shutting down
2026-09-15 13:56:26.229 WIB [29843] LOG:  checkpoint starting: shutdown immediate
2026-09-15 13:56:26.234 WIB [29843] LOG:  checkpoint complete: wrote 56 buffers (0.3%); 0 WAL file(s) added, 0 removed, 0 recycled; write=0.004 s, sync=0.001 s, total=0.006 s; sync files=24, longest=0.001 s, average=0.001 s; distance=297 kB, estimate=12025 kB; lsn=0/24820C0, redo lsn=0/24820C0
2026-09-15 13:56:26.238 WIB [29842] LOG:  database system is shut down
2026-09-15 13:56:27.445 WIB [32075] LOG:  starting PostgreSQL 17.11 (Homebrew) on aarch64-apple-darwin27.0.0, compiled by Apple clang version 21.0.0 (clang-2100.3.34.2), 64-bit
2026-09-15 13:56:27.446 WIB [32075] LOG:  listening on IPv4 address "127.0.0.1", port 55432
2026-09-15 13:56:27.446 WIB [32075] LOG:  listening on Unix socket "/Users/fajar/Downloads/monitoring/.data/pg/.s.PGSQL.55432"
2026-09-15 13:56:27.451 WIB [32078] LOG:  database system was shut down at 2026-09-15 13:56:26 WIB
2026-09-15 13:56:27.454 WIB [32075] LOG:  database system is ready to accept connections
2026-09-15 13:59:25.138 WIB [32141] ERROR:  inconsistent types deduced for parameter $1 at character 41
2026-09-15 13:59:25.138 WIB [32141] DETAIL:  text versus vpn_status
2026-09-15 13:59:25.138 WIB [32141] STATEMENT:  
				UPDATE vpn_connections SET status = $1, latency_ms = $2,
				  local_ip = $3, last_connected_at = CASE WHEN $1 = 'CONNECTED' THEN now() ELSE last_connected_at END,
				  updated_at = now()
				WHERE id = $4
2026-09-15 14:01:27.446 WIB [32076] LOG:  checkpoint starting: time
2026-09-15 14:01:34.752 WIB [32076] LOG:  checkpoint complete: wrote 75 buffers (0.5%); 0 WAL file(s) added, 0 removed, 0 recycled; write=7.299 s, sync=0.002 s, total=7.308 s; sync files=39, longest=0.001 s, average=0.001 s; distance=564 kB, estimate=564 kB; lsn=0/2531E28, redo lsn=0/250F478
2026-09-15 14:04:14.822 WIB [32136] ERROR:  inconsistent types deduced for parameter $1 at character 41
2026-09-15 14:04:14.822 WIB [32136] DETAIL:  text versus vpn_status
2026-09-15 14:04:14.822 WIB [32136] STATEMENT:  
				UPDATE vpn_connections SET status = $1, latency_ms = $2,
				  local_ip = $3, last_connected_at = CASE WHEN $1 = 'CONNECTED' THEN now() ELSE last_connected_at END,
				  updated_at = now()
				WHERE id = $4
2026-09-15 14:06:27.745 WIB [32076] LOG:  checkpoint starting: time
2026-09-15 14:06:35.947 WIB [32076] LOG:  checkpoint complete: wrote 82 buffers (0.5%); 0 WAL file(s) added, 0 removed, 0 recycled; write=8.199 s, sync=0.002 s, total=8.203 s; sync files=27, longest=0.001 s, average=0.001 s; distance=674 kB, estimate=674 kB; lsn=0/25D1E38, redo lsn=0/25B7E70
2026-09-15 14:07:24.580 WIB [32075] LOG:  received fast shutdown request
2026-09-15 14:07:24.580 WIB [32075] LOG:  aborting any active transactions
2026-09-15 14:07:24.580 WIB [33104] FATAL:  terminating connection due to administrator command
2026-09-15 14:07:24.580 WIB [32136] FATAL:  terminating connection due to administrator command
2026-09-15 14:07:24.580 WIB [32114] FATAL:  terminating connection due to administrator command
2026-09-15 14:07:24.580 WIB [32137] FATAL:  terminating connection due to administrator command
2026-09-15 14:07:24.580 WIB [32112] FATAL:  terminating connection due to administrator command
2026-09-15 14:07:24.580 WIB [32113] FATAL:  terminating connection due to administrator command
2026-09-15 14:07:24.580 WIB [32138] FATAL:  terminating connection due to administrator command
2026-09-15 14:07:24.580 WIB [32139] FATAL:  terminating connection due to administrator command
2026-09-15 14:07:24.580 WIB [32140] FATAL:  terminating connection due to administrator command
2026-09-15 14:07:24.580 WIB [32141] FATAL:  terminating connection due to administrator command
2026-09-15 14:07:24.580 WIB [32142] FATAL:  terminating connection due to administrator command
2026-09-15 14:07:24.583 WIB [32075] LOG:  background worker "logical replication launcher" (PID 32081) exited with exit code 1
2026-09-15 14:07:24.584 WIB [32076] LOG:  shutting down
2026-09-15 14:07:24.584 WIB [32076] LOG:  checkpoint starting: shutdown immediate
2026-09-15 14:07:24.587 WIB [32076] LOG:  checkpoint complete: wrote 50 buffers (0.3%); 0 WAL file(s) added, 0 removed, 0 recycled; write=0.002 s, sync=0.001 s, total=0.003 s; sync files=21, longest=0.001 s, average=0.001 s; distance=237 kB, estimate=630 kB; lsn=0/25F3428, redo lsn=0/25F3428
2026-09-15 14:07:24.589 WIB [32075] LOG:  database system is shut down
2026-09-15 14:07:25.365 WIB [33986] LOG:  starting PostgreSQL 17.11 (Homebrew) on aarch64-apple-darwin27.0.0, compiled by Apple clang version 21.0.0 (clang-2100.3.34.2), 64-bit
2026-09-15 14:07:25.365 WIB [33986] LOG:  listening on IPv4 address "127.0.0.1", port 55432
2026-09-15 14:07:25.366 WIB [33986] LOG:  listening on Unix socket "/Users/fajar/Downloads/monitoring/.data/pg/.s.PGSQL.55432"
2026-09-15 14:07:25.371 WIB [33989] LOG:  database system was shut down at 2026-09-15 14:07:24 WIB
2026-09-15 14:07:25.375 WIB [33986] LOG:  database system is ready to accept connections
2026-09-15 14:12:25.366 WIB [33987] LOG:  checkpoint starting: time
2026-09-15 14:12:33.777 WIB [33987] LOG:  checkpoint complete: wrote 85 buffers (0.5%); 0 WAL file(s) added, 0 removed, 0 recycled; write=8.403 s, sync=0.003 s, total=8.412 s; sync files=26, longest=0.001 s, average=0.001 s; distance=570 kB, estimate=570 kB; lsn=0/269C068, redo lsn=0/2681E18
2026-09-15 14:17:25.773 WIB [33987] LOG:  checkpoint starting: time
2026-09-15 14:17:39.433 WIB [33987] LOG:  checkpoint complete: wrote 137 buffers (0.8%); 0 WAL file(s) added, 0 removed, 0 recycled; write=13.655 s, sync=0.002 s, total=13.661 s; sync files=23, longest=0.001 s, average=0.001 s; distance=745 kB, estimate=745 kB; lsn=0/2760CC8, redo lsn=0/273C330
2026-09-15 14:22:25.427 WIB [33987] LOG:  checkpoint starting: time
2026-09-15 14:22:35.737 WIB [33987] LOG:  checkpoint complete: wrote 103 buffers (0.6%); 0 WAL file(s) added, 0 removed, 0 recycled; write=10.308 s, sync=0.002 s, total=10.311 s; sync files=23, longest=0.001 s, average=0.001 s; distance=698 kB, estimate=740 kB; lsn=0/280E8B8, redo lsn=0/27EAC00
